// Jest Snapshot v1, https://goo.gl/fbAQLP

exports[`Dashboard renders and matches snapshot 1`] = `
<div>
  <div
    class="StyledGrommet-sc-19lkkz7-0 blnwXx"
  >
    <h2
      class="StyledHeading-sc-1rdh4aw-0 jMKEAN"
    >
      Dashboard
    </h2>
    <div
      class="StyledGrid-sc-1wofa1l-0 dXwRwF"
    >
      <div
        class="StyledBox-sc-13pk1d4-0 bquWcN"
      >
        <h4
          class="StyledHeading-sc-1rdh4aw-0 jOzicV"
        >
          Shows
        </h4>
        <header
          class="StyledBox-sc-13pk1d4-0 hZATeQ"
        >
          <span
            class="StyledText-sc-1sadyjn-0 hUokoe Text__StyledText-sc-1qclgcc-0 ifZuor"
          >
            Sort
          </span>
          <div
            class="StyledBox__StyledBoxGap-sc-13pk1d4-1 cxqgXz"
          />
          <button
            class="StyledButton-sc-323bzc-0 iNqTxf Button__StyledGrommetButton-sc-5cxguj-0 dKGxUf"
            type="button"
          >
            Add New
          </button>
        </header>
        <div
          class="StyledBox-sc-13pk1d4-0 dfDPuq"
        />
      </div>
      <div
        class="StyledBox-sc-13pk1d4-0 RIlxa"
      >
        <h4
          class="StyledHeading-sc-1rdh4aw-0 jOzicV"
        >
          To Dos
        </h4>
        <header
          class="StyledBox-sc-13pk1d4-0 hZATeQ"
        >
          <span
            class="StyledText-sc-1sadyjn-0 hUokoe Text__StyledText-sc-1qclgcc-0 ifZuor"
          >
            Sort
          </span>
          <div
            class="StyledBox__StyledBoxGap-sc-13pk1d4-1 cxqgXz"
          />
          <button
            class="StyledButton-sc-323bzc-0 iNqTxf Button__StyledGrommetButton-sc-5cxguj-0 dKGxUf"
            type="button"
          >
            Add New
          </button>
        </header>
        <div
          class="StyledBox-sc-13pk1d4-0 dfDPuq"
        />
      </div>
      <div
        class="StyledBox-sc-13pk1d4-0 fcPjwD"
      >
        <h4
          class="StyledHeading-sc-1rdh4aw-0 jOzicV"
        >
          Artists & Venues
        </h4>
        <header
          class="StyledBox-sc-13pk1d4-0 hZATeQ"
        >
          <span
            class="StyledText-sc-1sadyjn-0 hUokoe Text__StyledText-sc-1qclgcc-0 ifZuor"
          >
            Sort
          </span>
          <div
            class="StyledBox__StyledBoxGap-sc-13pk1d4-1 cxqgXz"
          />
          <button
            class="StyledButton-sc-323bzc-0 iNqTxf Button__StyledGrommetButton-sc-5cxguj-0 dKGxUf"
            type="button"
          >
            Add New
          </button>
        </header>
        <div
          class="StyledBox-sc-13pk1d4-0 dfDPuq"
        />
      </div>
    </div>
  </div>
</div>
`;
