// Jest Snapshot v1, https://goo.gl/fbAQLP

exports[`should lazy load and match the snapshot 1`] = `
<div>
  <div
    class="Wrapper-sc-12uw37d-0 cyDAiv"
  >
    <div
      class="Circle__CirclePrimitive-ww56dy-0 fUyYna"
    />
    <div
      class="Circle__CirclePrimitive-ww56dy-0 diOPOW"
      rotate="30"
    />
    <div
      class="Circle__CirclePrimitive-ww56dy-0 fUMtxj"
      rotate="60"
    />
    <div
      class="Circle__CirclePrimitive-ww56dy-0 lkIQiQ"
      rotate="90"
    />
    <div
      class="Circle__CirclePrimitive-ww56dy-0 hezFzS"
      rotate="120"
    />
    <div
      class="Circle__CirclePrimitive-ww56dy-0 iMQpMp"
      rotate="150"
    />
    <div
      class="Circle__CirclePrimitive-ww56dy-0 kboFDM"
      rotate="180"
    />
    <div
      class="Circle__CirclePrimitive-ww56dy-0 gdFpMO"
      rotate="210"
    />
    <div
      class="Circle__CirclePrimitive-ww56dy-0 gDjBjr"
      rotate="240"
    />
    <div
      class="Circle__CirclePrimitive-ww56dy-0 ihJMIo"
      rotate="270"
    />
    <div
      class="Circle__CirclePrimitive-ww56dy-0 eCUgy"
      rotate="300"
    />
    <div
      class="Circle__CirclePrimitive-ww56dy-0 cqJrGJ"
      rotate="330"
    />
  </div>
</div>
`;
