// Jest Snapshot v1, https://goo.gl/fbAQLP

exports[`<App /> should render and match the snapshot 1`] = `
<App__AppWrapper>
  <HelmetWrapper
    defaultTitle="PyCon Presentation Upload"
    defer={true}
    encodeSpecialCharacters={true}
    titleTemplate="%s - PyCon Presentation Upload"
  >
    <meta
      content="A PyCon Presentation Upload application"
      name="description"
    />
  </HelmetWrapper>
  <Switch>
    <Route
      component={[Function]}
      exact={true}
      path="/"
    />
    <Route
      component={[Function]}
      path=""
    />
  </Switch>
  <Memo(GlobalStyleComponent) />
</App__AppWrapper>
`;
